<?xml version="1.0" encoding="UTF-8"?>
<testsuites name="Mocha Tests" time="0.002" tests="9" failures="0">
  <testsuite name="Root Suite" timestamp="2019-06-26T19:57:38" tests="0" failures="0" time="0">
  </testsuite>
  <testsuite name="gse/api/convert" timestamp="2019-06-26T19:57:38" tests="9" file="/Users/codin/Documents/Development/_microservices/accounts/test/unit/convert.js" failures="0" time="0.002">
    <testcase name="gse/api/convert should validate expressComps for lower status tiers cap" time="0.002" classname="should validate expressComps for lower status tiers cap">
    </testcase>
    <testcase name="gse/api/convert should validate expressComps for noir status tiers cap" time="0" classname="should validate expressComps for noir status tiers cap">
    </testcase>
    <testcase name="gse/api/convert should validate expressComps for NOIR - No EC status tiers cap" time="0" classname="should validate expressComps for NOIR - No EC status tiers cap">
    </testcase>
    <testcase name="gse/api/convert should validate expressComps for lower status tiers beneath the cap" time="0" classname="should validate expressComps for lower status tiers beneath the cap">
    </testcase>
    <testcase name="gse/api/convert should validate expressComps for lower status tiers beneath the cap at zero" time="0" classname="should validate expressComps for lower status tiers beneath the cap at zero">
    </testcase>
    <testcase name="gse/api/convert should validate expressComps for lower status tiers beneath the cap at negative" time="0" classname="should validate expressComps for lower status tiers beneath the cap at negative">
    </testcase>
    <testcase name="gse/api/convert should validate expressComps for noir status tiers beneath the cap" time="0" classname="should validate expressComps for noir status tiers beneath the cap">
    </testcase>
    <testcase name="gse/api/convert should validate expressComps for noir status tiers beneath the cap at zero" time="0" classname="should validate expressComps for noir status tiers beneath the cap at zero">
    </testcase>
    <testcase name="gse/api/convert should validate expressComps for noir status tiers beneath the cap at negative" time="0" classname="should validate expressComps for noir status tiers beneath the cap at negative">
    </testcase>
  </testsuite>
</testsuites>